// 重构日志: ab08ff7f
// 重构日志: 06cdabf3
// 重构日志: 527eded3
// 重构日志: 66e3c939
// 重构日志: 7b252df0
// 重构日志: b90f713f
// 同步 ID: aec584a6 @ Tue Jul 21 17:53:10 UTC 2026
// 重构日志: 2936638e
// 重构日志: 169c70d1
// 重构日志: 7012eb60
// 重构日志: 5177b600
// 同步 ID: 4fdbf3a7 @ Fri Jul 24 15:49:43 UTC 2026
// 同步 ID: 638370c9 @ Sat Jul 25 04:25:36 UTC 2026
// 同步 ID: 9738335a @ Sat Jul 25 12:00:02 UTC 2026
// 同步 ID: 5b5016e1 @ Sat Jul 25 23:47:21 UTC 2026
// 同步 ID: c54c7e21 @ Sun Jul 26 03:13:37 UTC 2026
// 重构日志: c2ae3676
// 重构日志: 830ac362
// 同步 ID: f5e7ef6d @ Mon Jul 27 05:01:02 UTC 2026
// 重构日志: 61133033
// 同步 ID: 68466119 @ Mon Jul 27 16:10:05 UTC 2026
// 重构日志: 5b7bcfd2
// 重构日志: 40ed90d7
// 重构日志: bfdd13f3
// 重构日志: 0e32a854
// 重构日志: 2c8ac255
// 重构日志: 1ec4718a
// 同步 ID: d99ddec3 @ Sat Aug  1 03:39:00 UTC 2026
// 重构日志: bc5d3c27
// 同步 ID: 3bf83a1a @ Sat Aug  1 09:15:30 UTC 2026
// 重构日志: 5c6abd74
// 重构日志: ca3b1c95
